Project:  /tc1home/FYP/faye0004/track5
Features: /tc1home/FYP/faye0004/track5/feature_test
Model:    /tc1home/FYP/faye0004/track5/results/classifier.pt
Job:      63620
Node:     TC1N03
Started:  Mon 31 Aug 2026 09:40:30 PM +08
Starting training...
Loaded 574,000 vectors
  [0] sid                  280,000 rows | authentic 140,000 / AIGC 140,000
  [1] cifake               200,000 rows | authentic 100,000 / AIGC 100,000
  [2] cifake_test           20,000 rows | authentic 10,000 / AIGC 10,000
  [3] synthbuster           18,000 rows | authentic 0 / AIGC 18,000
  [4] tiny_genimage         56,000 rows | authentic 28,000 / AIGC 28,000
Feature dim: 832 (CLIP=768 + DCT=64)
Internal validation source(s): ['cifake_test'] (20,000 rows)

Train 554,000 | Val 20,000 | dim 832
Train class balance BEFORE balancing: authentic=268,000, AIGC=286,000
Train class balance AFTER balancing:  authentic=268,000, AIGC=268,000
Training on cuda
GPU: Tesla V100-PCIE-32GB
Epoch   0 | loss 0.1329 | val acc 0.9586 | val auc 0.9930
           -> new best, saved to /tc1home/FYP/faye0004/track5/results/classifier.pt
Epoch   1 | loss 0.0937 | val acc 0.9641 | val auc 0.9943
           -> new best, saved to /tc1home/FYP/faye0004/track5/results/classifier.pt
Epoch   2 | loss 0.0798 | val acc 0.9683 | val auc 0.9955
           -> new best, saved to /tc1home/FYP/faye0004/track5/results/classifier.pt
Epoch   4 | loss 0.0636 | val acc 0.9691 | val auc 0.9961
           -> new best, saved to /tc1home/FYP/faye0004/track5/results/classifier.pt
Epoch   5 | loss 0.0575 | val acc 0.9700 | val auc 0.9960
           -> new best, saved to /tc1home/FYP/faye0004/track5/results/classifier.pt
Epoch   7 | loss 0.0490 | val acc 0.9709 | val auc 0.9962
           -> new best, saved to /tc1home/FYP/faye0004/track5/results/classifier.pt
Epoch   8 | loss 0.0458 | val acc 0.9717 | val auc 0.9962
           -> new best, saved to /tc1home/FYP/faye0004/track5/results/classifier.pt
Epoch  10 | loss 0.0408 | val acc 0.9722 | val auc 0.9964
           -> new best, saved to /tc1home/FYP/faye0004/track5/results/classifier.pt
Epoch  11 | loss 0.0390 | val acc 0.9731 | val auc 0.9964
           -> new best, saved to /tc1home/FYP/faye0004/track5/results/classifier.pt
Epoch  15 | loss 0.0327 | val acc 0.9715 | val auc 0.9962
Epoch  20 | loss 0.0196 | val acc 0.9719 | val auc 0.9964
Epoch  21 | loss 0.0185 | val acc 0.9732 | val auc 0.9965
           -> new best, saved to /tc1home/FYP/faye0004/track5/results/classifier.pt
Epoch  25 | loss 0.0163 | val acc 0.9710 | val auc 0.9966
Epoch  28 | loss 0.0121 | val acc 0.9734 | val auc 0.9964
           -> new best, saved to /tc1home/FYP/faye0004/track5/results/classifier.pt
Epoch  30 | loss 0.0107 | val acc 0.9728 | val auc 0.9964
Epoch  35 | loss 0.0081 | val acc 0.9719 | val auc 0.9963
Epoch  38 | loss 0.0072 | val acc 0.9740 | val auc 0.9961
           -> new best, saved to /tc1home/FYP/faye0004/track5/results/classifier.pt
Epoch  40 | loss 0.0068 | val acc 0.9727 | val auc 0.9961
Epoch  45 | loss 0.0058 | val acc 0.9725 | val auc 0.9958
Epoch  50 | loss 0.0053 | val acc 0.9728 | val auc 0.9958
Epoch  55 | loss 0.0049 | val acc 0.9728 | val auc 0.9957
Epoch  60 | loss 0.0046 | val acc 0.9730 | val auc 0.9957
Epoch  65 | loss 0.0042 | val acc 0.9731 | val auc 0.9957
Epoch  70 | loss 0.0042 | val acc 0.9733 | val auc 0.9957

Best internal val accuracy: 0.9740
Internal val ROC-AUC:      0.9961

              precision    recall  f1-score   support

   authentic       0.98      0.97      0.97     10000
        aigc       0.97      0.98      0.97     10000

    accuracy                           0.97     20000
   macro avg       0.97      0.97      0.97     20000
weighted avg       0.97      0.97      0.97     20000


Internal validation by transform
                          n       acc       auc
clean                20,000    0.9740    0.9961

Internal validation by source
                          n       acc       auc
cifake_test          20,000    0.9740    0.9961

Optimal threshold search on internal validation set:
 threshold       acc    real_rec    aigc_rec     bal_acc
     0.100    0.9681      0.9483      0.9880      0.9682
     0.125    0.9690      0.9508      0.9873      0.9690
     0.150    0.9695      0.9524      0.9866      0.9695
     0.175    0.9701      0.9540      0.9862      0.9701
     0.200    0.9710      0.9561      0.9859      0.9710
     0.225    0.9712      0.9571      0.9853      0.9712
     0.250    0.9715      0.9582      0.9847      0.9715
     0.275    0.9717      0.9589      0.9844      0.9717
     0.300    0.9719      0.9596      0.9843      0.9719
     0.325    0.9722      0.9604      0.9840      0.9722
     0.350    0.9724      0.9610      0.9838      0.9724
     0.375    0.9728      0.9622      0.9833      0.9728
     0.400    0.9733      0.9634      0.9832      0.9733
     0.425    0.9733      0.9637      0.9829      0.9733
     0.450    0.9736      0.9644      0.9828      0.9736
     0.475    0.9737      0.9648      0.9826      0.9737
     0.500    0.9740      0.9658      0.9823      0.9740
     0.525    0.9741      0.9664      0.9818      0.9741
     0.550    0.9741      0.9669      0.9814      0.9742
     0.575    0.9741      0.9674      0.9809      0.9742
     0.600    0.9740      0.9677      0.9803      0.9740
     0.625    0.9742      0.9685      0.9799      0.9742
     0.650    0.9745      0.9696      0.9793      0.9745
     0.675    0.9746      0.9701      0.9790      0.9746
     0.700    0.9747      0.9706      0.9787      0.9747
     0.725    0.9749      0.9714      0.9784      0.9749
     0.750    0.9748      0.9723      0.9773      0.9748
     0.775    0.9748      0.9728      0.9768      0.9748
     0.800    0.9748      0.9734      0.9762      0.9748
     0.825    0.9751      0.9747      0.9756      0.9751
     0.850    0.9750      0.9756      0.9745      0.9750
     0.875    0.9749      0.9765      0.9734      0.9749
     0.900    0.9753      0.9782      0.9724      0.9753
     0.925    0.9748      0.9793      0.9703      0.9748

Best balanced accuracy: 0.9753 at threshold 0.900
Note: internal val is CIFAKE test — threshold may not transfer to WildFake.
Finished: Mon 31 Aug 2026 09:49:30 PM +08
